I'm sorry, but errors were detected in your script. Please correct the
errors listed below, and try again.


File "game/chapter07.rpy", line 6: end of line expected.
    show c_aneti at midRight show c_alo at center show c_yun at midLeft with dissolve
                             ^

Ren'Py Version: Ren'Py 7.4.11.2266
Mon Jun  6 23:40:38 2022
